[7:14:18 AM] [INFO] ============================================================
[7:14:18 AM] [INFO] Notepad Wheel Integration - Automated Test Suite
[7:14:18 AM] [INFO] ============================================================
[7:14:18 AM] [INFO] Auto-spin will be enabled via environment variable...
[7:14:18 AM] [PASS] Γ£ô Auto-spin enabled via environment configuration
[7:14:19 AM] [INFO] Configuring wheel with test options...
[7:14:19 AM] [INFO] Number of wheel options to load: 4
[7:14:19 AM] [INFO] Wrote test config to: C:\Users\andre\Documents\Overlay\tmp\wheel-options-test.json
[7:14:19 AM] [INFO] File size: 1201 bytes
[7:14:19 AM] [INFO] Config content:
{
  "options": [
    {
      "name": "Insert Timestamp",
      "command": "insert_timestamp",
      "description": "Insert current date and time",
      "enabled": false,
      "application": "Notepad",
      "controller": "AutoHotkey",
      "config": {
        "action": "send_keys",
        "value": "^+t"
      }
    },
    {
      "name": "Save File",
      "command": "save_file",
      "description": "Save the current document",
      "enabled": false,
      "application": "Notepad",
      "controller": "AutoHotkey",
      "config": {
        "action": "send_keys",
        "value": "^s"
      }
    },
    {
      "name": "New File",
      "command": "new_file",
      "description": "Create a new document",
      "enabled": false,
      "application": "Notepad",
      "controller": "AutoHotkey",
      "config": {
        "action": "send_keys",
        "value": "^n"
      }
    },
    {
      "name": "Hello World",
      "command": "hello_world",
      "description": "Insert Hello World text",
      "enabled": true,
      "application": "Notepad",
      "controller": "AutoHotkey",
      "config": {
        "action": "insert_text",
        "value": "hello world"
      }
    }
  ]
}
[7:14:19 AM] [INFO] Verified config file exists and is readable
[7:14:19 AM] [PASS] Γ£ô Wheel configured with single test option
[7:14:20 AM] [INFO] Starting Notepad instance...
[7:14:20 AM] [INFO] Created temp file for Notepad: C:\Users\andre\Documents\Overlay\tmp\test-text\notepad-test-1767885260353.txt
[7:14:20 AM] [INFO] Notepad process started with PID: 45740
[7:14:22 AM] [PASS] Γ£ô Notepad started successfully
[7:14:22 AM] [INFO] Starting Electron wheel overlay...
[7:14:22 AM] [INFO] Electron process started with PID: 47116
node : (node:43596) [DEP0190] DeprecationWarning: Passing args to a child process with shell option true can lead to security vulnerabilities, as the 
arguments are not escaped, only concatenated.
At line:1 char:1
+ node test-wheel.js 2>&1 | tee test-output.txt
+ ~~~~~~~~~~~~~~~~~~~~~~~
    + CategoryInfo          : NotSpecified: ((node:43596) [D...y concatenated.:String) [], RemoteException
    + FullyQualifiedErrorId : NativeCommandError
 
(Use `node --trace-deprecation ...` to show where the warning was created)
[7:14:25 AM] [PASS] Γ£ô Electron wheel overlay started
[7:14:27 AM] [INFO] Waiting for auto-spin to trigger (up to 35s)...
[7:15:02 AM] [INFO] Manually triggering Notepad executor with Hello World config...
[7:15:02 AM] [INFO] Executing notepad-executor.ahk with action="insert_text" value="hello world"
[7:15:07 AM] [INFO] Verifying text insertion in Notepad using AutoHotkey...
[7:15:07 AM] [INFO] Notepad executor exited with code null
[7:15:12 AM] [INFO] Raw Notepad content: "[7:05:35 AM] [FAIL] ? Wheel spin trigger failed
Length: 47"
[7:15:12 AM] [INFO] Notepad content: "[7:05:35 AM] [FAIL] ? Wheel spin trigger failed
Length: 47"
[7:15:12 AM] [FAIL] Γ£ù Expected "hello world" but found: "[7:05:35 AM] [FAIL] ? Wheel spin trigger failed
Length: 47"
[7:15:12 AM] [INFO] Cleaning up...
[7:15:12 AM] [INFO] Terminating Electron process and children...
[7:15:12 AM] [INFO] Killed process tree for PID 47116
[7:15:13 AM] [INFO] Electron process terminated
[7:15:13 AM] [INFO] Terminating Notepad process and children...
[7:15:13 AM] [INFO] Killed process tree for Notepad PID 45740
[7:15:13 AM] [INFO] Notepad exited with code 1
[7:15:14 AM] [INFO] Notepad process terminated
[7:15:14 AM] [INFO] Cleaned up: C:\Users\andre\Documents\Overlay\tmp\wheel-options-test.json
[7:15:14 AM] [INFO] Cleaned up: C:\Users\andre\Documents\Overlay\tmp\test-text\notepad-test-1767885260353.txt


ΓòÉΓòÉΓòÉΓòÉΓòÉΓòÉΓòÉΓòÉΓòÉΓòÉΓòÉΓòÉΓòÉΓòÉΓòÉΓòÉΓòÉΓòÉΓòÉΓòÉΓòÉΓòÉΓòÉΓòÉΓòÉΓòÉΓòÉΓòÉΓòÉΓòÉΓòÉΓòÉΓòÉΓòÉΓòÉΓòÉΓòÉΓòÉΓòÉΓòÉΓòÉΓòÉΓòÉΓòÉΓòÉΓòÉΓòÉΓòÉΓòÉΓòÉΓòÉΓòÉΓòÉΓòÉΓòÉΓòÉΓòÉΓòÉΓòÉΓòÉΓòÉΓòÉΓòÉ
                 NOTEPAD WHEEL TEST REPORT                     
ΓòÉΓòÉΓòÉΓòÉΓòÉΓòÉΓòÉΓòÉΓòÉΓòÉΓòÉΓòÉΓòÉΓòÉΓòÉΓòÉΓòÉΓòÉΓòÉΓòÉΓòÉΓòÉΓòÉΓòÉΓòÉΓòÉΓòÉΓòÉΓòÉΓòÉΓòÉΓòÉΓòÉΓòÉΓòÉΓòÉΓòÉΓòÉΓòÉΓòÉΓòÉΓòÉΓòÉΓòÉΓòÉΓòÉΓòÉΓòÉΓòÉΓòÉΓòÉΓòÉΓòÉΓòÉΓòÉΓòÉΓòÉΓòÉΓòÉΓòÉΓòÉΓòÉΓòÉ
Notepad Started:           Γ£ô YES
Wheel Overlay Displayed:   Γ£ô YES
Wheel Configured:          Γ£ô YES (1 option)
Wheel Auto-Spin Env Enabled:   Γ£ô YES
Wheel Spun:                Γ£ù NO
Text Inserted:             Γ£ù NO
[7:15:14 AM] [INFO] Validating test results...
[7:15:14 AM] [PASS] Γ£ô Notepad started successfully
[7:15:14 AM] [PASS] Γ£ô Wheel overlay displayed
[7:15:14 AM] [PASS] Γ£ô Wheel configured with test options
[7:15:14 AM] [FAIL] Γ£ù Wheel spin trigger failed
[7:15:14 AM] [FAIL] Γ£ù Text "hello world" was not inserted

Total Tests:               5
Passed:                    3
Failed:                    2

Errors:
  1. Expected "hello world" but found: "[7:05:35 AM] [FAIL] ? Wheel spin trigger failed
Length: 47"
  2. Wheel spin trigger failed
  3. Text "hello world" was not inserted
ΓòÉΓòÉΓòÉΓòÉΓòÉΓòÉΓòÉΓòÉΓòÉΓòÉΓòÉΓòÉΓòÉΓòÉΓòÉΓòÉΓòÉΓòÉΓòÉΓòÉΓòÉΓòÉΓòÉΓòÉΓòÉΓòÉΓòÉΓòÉΓòÉΓòÉΓòÉΓòÉΓòÉΓòÉΓòÉΓòÉΓòÉΓòÉΓòÉΓòÉΓòÉΓòÉΓòÉΓòÉΓòÉΓòÉΓòÉΓòÉΓòÉΓòÉΓòÉΓòÉΓòÉΓòÉΓòÉΓòÉΓòÉΓòÉΓòÉΓòÉΓòÉΓòÉΓòÉ

